// Vitest Snapshot v1, https://vitest.dev/guide/snapshot.html

exports[`Worker > Controller for DELETE /api/products > should return 200 1`] = `
{
  "message": "Product has been successfully deleted.",
}
`;

exports[`Worker > Controller for GET /api/products > should return 200 1`] = `
{
  "message": "Third Party Data has been added to the DB.",
}
`;

exports[`Worker > Controller for POST /api/products > should return 200 1`] = `
{
  "products": [
    {
      "CreatedAt": "Sat, 21 Sep 2024 10:08:26 GMT",
      "ProductCode": "sample-sku",
      "ProductID": 11111,
      "Tags": "tags",
      "Title": "Sample Product",
      "UpdatedAt": "Sat, 21 Sep 2024 10:08:26 GMT",
    },
  ],
}
`;

exports[`Worker > Controller for PUT /api/products > should return 200 1`] = `
{
  "products": [
    {
      "CreatedAt": "Sat, 21 Sep 2024 10:08:26 GMT",
      "ProductCode": "sample-sku",
      "ProductID": 11111,
      "Tags": "tags",
      "Title": "Sample Product",
      "UpdatedAt": "Sat, 21 Sep 2024 10:08:26 GMT",
    },
  ],
}
`;
